Archive member included to satisfy reference by file (symbol)

D:/ST/STM32CubeIDE_1.17.0/STM32CubeIDE/plugins/com.st.stm32cube.ide.mcu.externaltools.gnu-tools-for-stm32.12.3.rel1.win32_1.1.0.202410251130/tools/bin/../lib/gcc/arm-none-eabi/12.3.1/../../../../arm-none-eabi/lib/thumb/v7-m/nofp\libc_nano.a(libc_a-exit.o)
                              D:/ST/STM32CubeIDE_1.17.0/STM32CubeIDE/plugins/com.st.stm32cube.ide.mcu.externaltools.gnu-tools-for-stm32.12.3.rel1.win32_1.1.0.202410251130/tools/bin/../lib/gcc/arm-none-eabi/12.3.1/../../../../arm-none-eabi/lib/thumb/v7-m/nofp/crt0.o (exit)
D:/ST/STM32CubeIDE_1.17.0/STM32CubeIDE/plugins/com.st.stm32cube.ide.mcu.externaltools.gnu-tools-for-stm32.12.3.rel1.win32_1.1.0.202410251130/tools/bin/../lib/gcc/arm-none-eabi/12.3.1/../../../../arm-none-eabi/lib/thumb/v7-m/nofp\libc_nano.a(libc_a-itoa.o)
                              ./Core/Src/main.o (itoa)
D:/ST/STM32CubeIDE_1.17.0/STM32CubeIDE/plugins/com.st.stm32cube.ide.mcu.externaltools.gnu-tools-for-stm32.12.3.rel1.win32_1.1.0.202410251130/tools/bin/../lib/gcc/arm-none-eabi/12.3.1/../../../../arm-none-eabi/lib/thumb/v7-m/nofp\libc_nano.a(libc_a-utoa.o)
                              D:/ST/STM32CubeIDE_1.17.0/STM32CubeIDE/plugins/com.st.stm32cube.ide.mcu.externaltools.gnu-tools-for-stm32.12.3.rel1.win32_1.1.0.202410251130/tools/bin/../lib/gcc/arm-none-eabi/12.3.1/../../../../arm-none-eabi/lib/thumb/v7-m/nofp\libc_nano.a(libc_a-itoa.o) (__utoa)
D:/ST/STM32CubeIDE_1.17.0/STM32CubeIDE/plugins/com.st.stm32cube.ide.mcu.externaltools.gnu-tools-for-stm32.12.3.rel1.win32_1.1.0.202410251130/tools/bin/../lib/gcc/arm-none-eabi/12.3.1/../../../../arm-none-eabi/lib/thumb/v7-m/nofp\libc_nano.a(libc_a-findfp.o)
                              D:/ST/STM32CubeIDE_1.17.0/STM32CubeIDE/plugins/com.st.stm32cube.ide.mcu.externaltools.gnu-tools-for-stm32.12.3.rel1.win32_1.1.0.202410251130/tools/bin/../lib/gcc/arm-none-eabi/12.3.1/../../../../arm-none-eabi/lib/thumb/v7-m/nofp\libc_nano.a(libc_a-exit.o) (__stdio_exit_handler)
D:/ST/STM32CubeIDE_1.17.0/STM32CubeIDE/plugins/com.st.stm32cube.ide.mcu.externaltools.gnu-tools-for-stm32.12.3.rel1.win32_1.1.0.202410251130/tools/bin/../lib/gcc/arm-none-eabi/12.3.1/../../../../arm-none-eabi/lib/thumb/v7-m/nofp\libc_nano.a(libc_a-fwalk.o)
                              D:/ST/STM32CubeIDE_1.17.0/STM32CubeIDE/plugins/com.st.stm32cube.ide.mcu.externaltools.gnu-tools-for-stm32.12.3.rel1.win32_1.1.0.202410251130/tools/bin/../lib/gcc/arm-none-eabi/12.3.1/../../../../arm-none-eabi/lib/thumb/v7-m/nofp\libc_nano.a(libc_a-findfp.o) (_fwalk_sglue)
D:/ST/STM32CubeIDE_1.17.0/STM32CubeIDE/plugins/com.st.stm32cube.ide.mcu.externaltools.gnu-tools-for-stm32.12.3.rel1.win32_1.1.0.202410251130/tools/bin/../lib/gcc/arm-none-eabi/12.3.1/../../../../arm-none-eabi/lib/thumb/v7-m/nofp\libc_nano.a(libc_a-stdio.o)
                              D:/ST/STM32CubeIDE_1.17.0/STM32CubeIDE/plugins/com.st.stm32cube.ide.mcu.externaltools.gnu-tools-for-stm32.12.3.rel1.win32_1.1.0.202410251130/tools/bin/../lib/gcc/arm-none-eabi/12.3.1/../../../../arm-none-eabi/lib/thumb/v7-m/nofp\libc_nano.a(libc_a-findfp.o) (__sread)
D:/ST/STM32CubeIDE_1.17.0/STM32CubeIDE/plugins/com.st.stm32cube.ide.mcu.externaltools.gnu-tools-for-stm32.12.3.rel1.win32_1.1.0.202410251130/tools/bin/../lib/gcc/arm-none-eabi/12.3.1/../../../../arm-none-eabi/lib/thumb/v7-m/nofp\libc_nano.a(libc_a-memset.o)
                              D:/ST/STM32CubeIDE_1.17.0/STM32CubeIDE/plugins/com.st.stm32cube.ide.mcu.externaltools.gnu-tools-for-stm32.12.3.rel1.win32_1.1.0.202410251130/tools/bin/../lib/gcc/arm-none-eabi/12.3.1/../../../../arm-none-eabi/lib/thumb/v7-m/nofp/crt0.o (memset)
D:/ST/STM32CubeIDE_1.17.0/STM32CubeIDE/plugins/com.st.stm32cube.ide.mcu.externaltools.gnu-tools-for-stm32.12.3.rel1.win32_1.1.0.202410251130/tools/bin/../lib/gcc/arm-none-eabi/12.3.1/../../../../arm-none-eabi/lib/thumb/v7-m/nofp\libc_nano.a(libc_a-strcat.o)
                              ./Core/Src/main.o (strcat)
D:/ST/STM32CubeIDE_1.17.0/STM32CubeIDE/plugins/com.st.stm32cube.ide.mcu.externaltools.gnu-tools-for-stm32.12.3.rel1.win32_1.1.0.202410251130/tools/bin/../lib/gcc/arm-none-eabi/12.3.1/../../../../arm-none-eabi/lib/thumb/v7-m/nofp\libc_nano.a(libc_a-closer.o)
                              D:/ST/STM32CubeIDE_1.17.0/STM32CubeIDE/plugins/com.st.stm32cube.ide.mcu.externaltools.gnu-tools-for-stm32.12.3.rel1.win32_1.1.0.202410251130/tools/bin/../lib/gcc/arm-none-eabi/12.3.1/../../../../arm-none-eabi/lib/thumb/v7-m/nofp\libc_nano.a(libc_a-stdio.o) (_close_r)
D:/ST/STM32CubeIDE_1.17.0/STM32CubeIDE/plugins/com.st.stm32cube.ide.mcu.externaltools.gnu-tools-for-stm32.12.3.rel1.win32_1.1.0.202410251130/tools/bin/../lib/gcc/arm-none-eabi/12.3.1/../../../../arm-none-eabi/lib/thumb/v7-m/nofp\libc_nano.a(libc_a-reent.o)
[...]
Memory Configuration

Name             Origin             Length             Attributes
RAM              0x20000000         0x00005000         xrw
FLASH            0x08000000         0x00010000         xr
*default*        0x00000000         0xffffffff

Linker script and memory map

LOAD D:/ST/STM32CubeIDE_1.17.0/STM32CubeIDE/plugins/com.st.stm32cube.ide.mcu.externaltools.gnu-tools-for-stm32.12.3.rel1.win32_1.1.0.202410251130/tools/bin/../lib/gcc/arm-none-eabi/12.3.1/thumb/v7-m/nofp/crti.o
LOAD D:/ST/STM32CubeIDE_1.17.0/STM32CubeIDE/plugins/com.st.stm32cube.ide.mcu.externaltools.gnu-tools-for-stm32.12.3.rel1.win32_1.1.0.202410251130/tools/bin/../lib/gcc/arm-none-eabi/12.3.1/thumb/v7-m/nofp/crtbegin.o
LOAD D:/ST/STM32CubeIDE_1.17.0/STM32CubeIDE/plugins/com.st.stm32cube.ide.mcu.externaltools.gnu-tools-for-stm32.12.3.rel1.win32_1.1.0.202410251130/tools/bin/../lib/gcc/arm-none-eabi/12.3.1/../../../../arm-none-eabi/lib/thumb/v7-m/nofp/crt0.o
LOAD ./Core/Src/liquidcrystal_i2c.o
LOAD ./Core/Src/main.o
LOAD ./Core/Src/stm32f1xx_hal_msp.o
LOAD ./Core/Src/stm32f1xx_it.o
LOAD ./Core/Src/syscalls.o
LOAD ./Core/Src/sysmem.o
LOAD ./Core/Src/system_stm32f1xx.o
LOAD ./Core/Startup/startup_stm32f103c8tx.o
LOAD ./Drivers/STM32F1xx_HAL_Driver/Src/stm32f1xx_hal.o
LOAD ./Drivers/STM32F1xx_HAL_Driver/Src/stm32f1xx_hal_cortex.o
LOAD ./Drivers/STM32F1xx_HAL_Driver/Src/stm32f1xx_hal_dma.o
LOAD ./Drivers/STM32F1xx_HAL_Driver/Src/stm32f1xx_hal_exti.o
LOAD ./Drivers/STM32F1xx_HAL_Driver/Src/stm32f1xx_hal_flash.o
LOAD ./Drivers/STM32F1xx_HAL_Driver/Src/stm32f1xx_hal_flash_ex.o
LOAD ./Drivers/STM32F1xx_HAL_Driver/Src/stm32f1xx_hal_gpio.o
LOAD ./Drivers/STM32F1xx_HAL_Driver/Src/stm32f1xx_hal_gpio_ex.o
LOAD ./Drivers/STM32F1xx_HAL_Driver/Src/stm32f1xx_hal_i2c.o
LOAD ./Drivers/STM32F1xx_HAL_Driver/Src/stm32f1xx_hal_pwr.o
LOAD ./Drivers/STM32F1xx_HAL_Driver/Src/stm32f1xx_hal_rcc.o
LOAD ./Drivers/STM32F1xx_HAL_Driver/Src/stm32f1xx_hal_rcc_ex.o
START GROUP
LOAD D:/ST/STM32CubeIDE_1.17.0/STM32CubeIDE/plugins/com.st.stm32cube.ide.mcu.externaltools.gnu-tools-for-stm32.12.3.rel1.win32_1.1.0.202410251130/tools/bin/../lib/gcc/arm-none-eabi/12.3.1/../../../../arm-none-eabi/lib/thumb/v7-m/nofp\libstdc++_nano.a
LOAD D:/ST/STM32CubeIDE_1.17.0/STM32CubeIDE/plugins/com.st.stm32cube.ide.mcu.externaltools.gnu-tools-for-stm32.12.3.rel1.win32_1.1.0.202410251130/tools/bin/../lib/gcc/arm-none-eabi/12.3.1/../../../../arm-none-eabi/lib/thumb/v7-m/nofp\libsupc++_nano.a
END GROUP
LOAD D:/ST/STM32CubeIDE_1.17.0/STM32CubeIDE/plugins/com.st.stm32cube.ide.mcu.externaltools.gnu-tools-for-stm32.12.3.rel1.win32_1.1.0.202410251130/tools/bin/../lib/gcc/arm-none-eabi/12.3.1/../../../../arm-none-eabi/lib/thumb/v7-m/nofp\libstdc++_nano.a
LOAD D:/ST/STM32CubeIDE_1.17.0/STM32CubeIDE/plugins/com.st.stm32cube.ide.mcu.externaltools.gnu-tools-for-stm32.12.3.rel1.win32_1.1.0.202410251130/tools/bin/../lib/gcc/arm-none-eabi/12.3.1/../../../../arm-none-eabi/lib/thumb/v7-m/nofp\libm.a
LOAD D:/ST/STM32CubeIDE_1.17.0/STM32CubeIDE/plugins/com.st.stm32cube.ide.mcu.externaltools.gnu-tools-for-stm32.12.3.rel1.win32_1.1.0.202410251130/tools/bin/../lib/gcc/arm-none-eabi/12.3.1/../../../../arm-none-eabi/lib/thumb/v7-m/nofp\libc_nano.a
START GROUP
LOAD D:/ST/STM32CubeIDE_1.17.0/STM32CubeIDE/plugins/com.st.stm32cube.ide.mcu.externaltools.gnu-tools-for-stm32.12.3.rel1.win32_1.1.0.202410251130/tools/bin/../lib/gcc/arm-none-eabi/12.3.1/thumb/v7-m/nofp\libgcc.a
LOAD D:/ST/STM32CubeIDE_1.17.0/STM32CubeIDE/plugins/com.st.stm32cube.ide.mcu.externaltools.gnu-tools-for-stm32.12.3.rel1.win32_1.1.0.202410251130/tools/bin/../lib/gcc/arm-none-eabi/12.3.1/../../../../arm-none-eabi/lib/thumb/v7-m/nofp\libc_nano.a
END GROUP
START GROUP
LOAD D:/ST/STM32CubeIDE_1.17.0/STM32CubeIDE/plugins/com.st.stm32cube.ide.mcu.externaltools.gnu-tools-for-stm32.12.3.rel1.win32_1.1.0.202410251130/tools/bin/../lib/gcc/arm-none-eabi/12.3.1/thumb/v7-m/nofp\libgcc.a
LOAD D:/ST/STM32CubeIDE_1.17.0/STM32CubeIDE/plugins/com.st.stm32cube.ide.mcu.externaltools.gnu-tools-for-stm32.12.3.rel1.win32_1.1.0.202410251130/tools/bin/../lib/gcc/arm-none-eabi/12.3.1/../../../../arm-none-eabi/lib/thumb/v7-m/nofp\libc_nano.a
LOAD D:/ST/STM32CubeIDE_1.17.0/STM32CubeIDE/plugins/com.st.stm32cube.ide.mcu.externaltools.gnu-tools-for-stm32.12.3.rel1.win32_1.1.0.202410251130/tools/bin/../lib/gcc/arm-none-eabi/12.3.1/../../../../arm-none-eabi/lib/thumb/v7-m/nofp\libnosys.a
END GROUP
START GROUP
LOAD D:/ST/STM32CubeIDE_1.17.0/STM32CubeIDE/plugins/com.st.stm32cube.ide.mcu.externaltools.gnu-tools-for-stm32.12.3.rel1.win32_1.1.0.202410251130/tools/bin/../lib/gcc/arm-none-eabi/12.3.1/thumb/v7-m/nofp\libgcc.a
LOAD D:/ST/STM32CubeIDE_1.17.0/STM32CubeIDE/plugins/com.st.stm32cube.ide.mcu.externaltools.gnu-tools-for-stm32.12.3.rel1.win32_1.1.0.202410251130/tools/bin/../lib/gcc/arm-none-eabi/12.3.1/../../../../arm-none-eabi/lib/thumb/v7-m/nofp\libc_nano.a
LOAD D:/ST/STM32CubeIDE_1.17.0/STM32CubeIDE/plugins/com.st.stm32cube.ide.mcu.externaltools.gnu-tools-for-stm32.12.3.rel1.win32_1.1.0.202410251130/tools/bin/../lib/gcc/arm-none-eabi/12.3.1/../../../../arm-none-eabi/lib/thumb/v7-m/nofp\libnosys.a
END GROUP
LOAD D:/ST/STM32CubeIDE_1.17.0/STM32CubeIDE/plugins/com.st.stm32cube.ide.mcu.externaltools.gnu-tools-for-stm32.12.3.rel1.win32_1.1.0.202410251130/tools/bin/../lib/gcc/arm-none-eabi/12.3.1/thumb/v7-m/nofp/crtend.o
LOAD D:/ST/STM32CubeIDE_1.17.0/STM32CubeIDE/plugins/com.st.stm32cube.ide.mcu.externaltools.gnu-tools-for-stm32.12.3.rel1.win32_1.1.0.202410251130/tools/bin/../lib/gcc/arm-none-eabi/12.3.1/thumb/v7-m/nofp/crtn.o
                0x20005000                        _estack = (ORIGIN (RAM) + LENGTH (RAM))
                0x00000200                        _Min_Heap_Size = 0x200
                0x00000400                        _Min_Stack_Size = 0x400

.isr_vector     0x08000000      0x10c
                0x08000000                        . = ALIGN (0x4)
 *(.isr_vector)
 .isr_vector    0x08000000      0x10c ./Core/Startup/startup_stm32f103c8tx.o
                0x08000000                g_pfnVectors
                0x0800010c                        . = ALIGN (0x4)

.text           0x0800010c     0x271c
                0x0800010c                        . = ALIGN (0x4)
 *(.text)
 .text          0x0800010c       0x40 D:/ST/STM32CubeIDE_1.17.0/STM32CubeIDE/plugins/com.st.stm32cube.ide.mcu.externaltools.gnu-tools-for-stm32.12.3.rel1.win32_1.1.0.202410251130/tools/bin/../lib/gcc/arm-none-eabi/12.3.1/thumb/v7-m/nofp/crtbegin.o
 *(.text*)
 .text.HD44780_Init
                0x0800014c      0x108 ./Core/Src/liquidcrystal_i2c.o
                0x0800014c                HD44780_Init
 .text.HD44780_Clear
                0x08000254       0x16 ./Core/Src/liquidcrystal_i2c.o
                0x08000254                HD44780_Clear
 .text.HD44780_Home
                0x0800026a       0x16 ./Core/Src/liquidcrystal_i2c.o
                0x0800026a                HD44780_Home
 .text.HD44780_SetCursor
                0x08000280       0x64 ./Core/Src/liquidcrystal_i2c.o
                0x08000280                HD44780_SetCursor
 .text.HD44780_Display
                0x080002e4       0x2c ./Core/Src/liquidcrystal_i2c.o
                0x080002e4                HD44780_Display
 .text.HD44780_CreateSpecialChar
                0x08000310       0x52 ./Core/Src/liquidcrystal_i2c.o
                0x08000310                HD44780_CreateSpecialChar
 .text.HD44780_PrintStr
                0x08000362       0x2a ./Core/Src/liquidcrystal_i2c.o
                0x08000362                HD44780_PrintStr
 .text.SendCommand
                0x0800038c       0x1c ./Core/Src/liquidcrystal_i2c.o
 .text.SendChar
                0x080003a8       0x1c ./Core/Src/liquidcrystal_i2c.o
 .text.Send     0x080003c4       0x42 ./Core/Src/liquidcrystal_i2c.o
 .text.Write4Bits
                0x08000406       0x22 ./Core/Src/liquidcrystal_i2c.o
 .text.ExpanderWrite
                0x08000428       0x38 ./Core/Src/liquidcrystal_i2c.o
 .text.PulseEnable
                0x08000460       0x3a ./Core/Src/liquidcrystal_i2c.o
 *fill*         0x0800049a        0x2 
 .text.DelayInit
                0x0800049c       0x50 ./Core/Src/liquidcrystal_i2c.o
 .text.DelayUS  0x080004ec       0x4c ./Core/Src/liquidcrystal_i2c.o
 .text.clear_console
                0x08000538        0xc ./Core/Src/main.o
                0x08000538                clear_console
 .text.show_text
                0x08000544       0x36 ./Core/Src/main.o
                0x08000544                show_text
 *fill*         0x0800057a        0x2 
 .text.show_heading
                0x0800057c       0xb8 ./Core/Src/main.o
                0x0800057c                show_heading
 .text.cast_vote
                0x08000634       0x28 ./Core/Src/main.o
                0x08000634                cast_vote
 .text.transition
                0x0800065c       0xe8 ./Core/Src/main.o
                0x0800065c                transition
 .text.main     0x08000744       0x8c ./Core/Src/main.o
                0x08000744                main
 .text.SystemClock_Config
                0x080007d0       0x76 ./Core/Src/main.o
                0x080007d0                SystemClock_Config
 *fill*         0x08000846        0x2 
 .text.MX_I2C2_Init
                0x08000848       0x5c ./Core/Src/main.o
 .text.MX_GPIO_Init
                0x080008a4       0xd8 ./Core/Src/main.o
 .text.HAL_GPIO_EXTI_Callback
                0x0800097c      0x348 ./Core/Src/main.o
                0x0800097c                HAL_GPIO_EXTI_Callback
 .text.Error_Handler
                0x08000cc4        0xc ./Core/Src/main.o
                0x08000cc4                Error_Handler
 .text.HAL_MspInit
                0x08000cd0       0x64 ./Core/Src/stm32f1xx_hal_msp.o
                0x08000cd0                HAL_MspInit
 .text.HAL_I2C_MspInit
                0x08000d34       0x80 ./Core/Src/stm32f1xx_hal_msp.o
                0x08000d34                HAL_I2C_MspInit
 .text.NMI_Handler
                0x08000db4        0x8 ./Core/Src/stm32f1xx_it.o
                0x08000db4                NMI_Handler
 .text.HardFault_Handler
                0x08000dbc        0x8 ./Core/Src/stm32f1xx_it.o
                0x08000dbc                HardFault_Handler
 .text.MemManage_Handler
                0x08000dc4        0x8 ./Core/Src/stm32f1xx_it.o
                0x08000dc4                MemManage_Handler
 .text.BusFault_Handler
                0x08000dcc        0x8 ./Core/Src/stm32f1xx_it.o
                0x08000dcc                BusFault_Handler
 .text.UsageFault_Handler
                0x08000dd4        0x8 ./Core/Src/stm32f1xx_it.o
                0x08000dd4                UsageFault_Handler
 .text.SVC_Handler
                0x08000ddc        0xc ./Core/Src/stm32f1xx_it.o
                0x08000ddc                SVC_Handler
 .text.DebugMon_Handler
                0x08000de8        0xc ./Core/Src/stm32f1xx_it.o
                0x08000de8                DebugMon_Handler
 .text.PendSV_Handler
                0x08000df4        0xc ./Core/Src/stm32f1xx_it.o
                0x08000df4                PendSV_Handler
 .text.SysTick_Handler
                0x08000e00        0xc ./Core/Src/stm32f1xx_it.o
                0x08000e00                SysTick_Handler
 .text.EXTI9_5_IRQHandler
                0x08000e0c       0x24 ./Core/Src/stm32f1xx_it.o
                0x08000e0c                EXTI9_5_IRQHandler
 .text._kill    0x08000e30       0x20 ./Core/Src/syscalls.o
                0x08000e30                _kill
 .text._exit    0x08000e50       0x16 ./Core/Src/syscalls.o
                0x08000e50                _exit
 .text.SystemInit
                0x08000e66        0xc ./Core/Src/system_stm32f1xx.o
                0x08000e66                SystemInit
 *fill*         0x08000e72        0x2 
 .text.Reset_Handler
                0x08000e74       0x48 ./Core/Startup/startup_stm32f103c8tx.o
                0x08000e74                Reset_Handler
 .text.Default_Handler
                0x08000ebc        0x2 ./Core/Startup/startup_stm32f103c8tx.o
                0x08000ebc                RTC_Alarm_IRQHandler
                0x08000ebc                EXTI2_IRQHandler
                0x08000ebc                TIM1_CC_IRQHandler
                0x08000ebc                PVD_IRQHandler
                0x08000ebc                EXTI3_IRQHandler
                0x08000ebc                EXTI0_IRQHandler
                0x08000ebc                I2C2_EV_IRQHandler
                0x08000ebc                ADC1_2_IRQHandler
                0x08000ebc                SPI1_IRQHandler
                0x08000ebc                TAMPER_IRQHandler
                0x08000ebc                DMA1_Channel4_IRQHandler
                0x08000ebc                USART3_IRQHandler
                0x08000ebc                RTC_IRQHandler
                0x08000ebc                DMA1_Channel7_IRQHandler
                0x08000ebc                CAN1_RX1_IRQHandler
                0x08000ebc                TIM4_IRQHandler
                0x08000ebc                I2C1_EV_IRQHandler
                0x08000ebc                DMA1_Channel6_IRQHandler
                0x08000ebc                TIM3_IRQHandler
                0x08000ebc                RCC_IRQHandler
                0x08000ebc                TIM1_TRG_COM_IRQHandler
                0x08000ebc                DMA1_Channel1_IRQHandler
                0x08000ebc                Default_Handler
                0x08000ebc                EXTI15_10_IRQHandler
                0x08000ebc                SPI2_IRQHandler
                0x08000ebc                DMA1_Channel5_IRQHandler
                0x08000ebc                EXTI4_IRQHandler
                0x08000ebc                USB_LP_CAN1_RX0_IRQHandler
                0x08000ebc                USB_HP_CAN1_TX_IRQHandler
                0x08000ebc                DMA1_Channel3_IRQHandler
                0x08000ebc                TIM1_UP_IRQHandler
                0x08000ebc                WWDG_IRQHandler
                0x08000ebc                TIM2_IRQHandler
                0x08000ebc                TIM1_BRK_IRQHandler
                0x08000ebc                EXTI1_IRQHandler
                0x08000ebc                USART2_IRQHandler
                0x08000ebc                I2C2_ER_IRQHandler
                0x08000ebc                DMA1_Channel2_IRQHandler
                0x08000ebc                CAN1_SCE_IRQHandler
                0x08000ebc                FLASH_IRQHandler
                0x08000ebc                USART1_IRQHandler
                0x08000ebc                I2C1_ER_IRQHandler
                0x08000ebc                USBWakeUp_IRQHandler
 *fill*         0x08000ebe        0x2 
 .text.HAL_Init
                0x08000ec0       0x2c ./Drivers/STM32F1xx_HAL_Driver/Src/stm32f1xx_hal.o
                0x08000ec0                HAL_Init
 .text.HAL_InitTick
                0x08000eec       0x60 ./Drivers/STM32F1xx_HAL_Driver/Src/stm32f1xx_hal.o
                0x08000eec                HAL_InitTick
 .text.HAL_IncTick
                0x08000f4c       0x24 ./Drivers/STM32F1xx_HAL_Driver/Src/stm32f1xx_hal.o
                0x08000f4c                HAL_IncTick
 .text.HAL_GetTick
                0x08000f70       0x14 ./Drivers/STM32F1xx_HAL_Driver/Src/stm32f1xx_hal.o
                0x08000f70                HAL_GetTick
 .text.HAL_Delay
                0x08000f84       0x48 ./Drivers/STM32F1xx_HAL_Driver/Src/stm32f1xx_hal.o
                0x08000f84                HAL_Delay
 .text.__NVIC_SetPriorityGrouping
                0x08000fcc       0x48 ./Drivers/STM32F1xx_HAL_Driver/Src/stm32f1xx_hal_cortex.o
 .text.__NVIC_GetPriorityGrouping
                0x08001014       0x1c ./Drivers/STM32F1xx_HAL_Driver/Src/stm32f1xx_hal_cortex.o
 .text.__NVIC_EnableIRQ
                0x08001030       0x38 ./Drivers/STM32F1xx_HAL_Driver/Src/stm32f1xx_hal_cortex.o
 .text.__NVIC_SetPriority
                0x08001068       0x54 ./Drivers/STM32F1xx_HAL_Driver/Src/stm32f1xx_hal_cortex.o
 .text.NVIC_EncodePriority
                0x080010bc       0x64 ./Drivers/STM32F1xx_HAL_Driver/Src/stm32f1xx_hal_cortex.o
 .text.SysTick_Config
                0x08001120       0x44 ./Drivers/STM32F1xx_HAL_Driver/Src/stm32f1xx_hal_cortex.o
 .text.HAL_NVIC_SetPriorityGrouping
                0x08001164       0x16 ./Drivers/STM32F1xx_HAL_Driver/Src/stm32f1xx_hal_cortex.o
                0x08001164                HAL_NVIC_SetPriorityGrouping
 .text.HAL_NVIC_SetPriority
                0x0800117a       0x38 ./Drivers/STM32F1xx_HAL_Driver/Src/stm32f1xx_hal_cortex.o
                0x0800117a                HAL_NVIC_SetPriority
 .text.HAL_NVIC_EnableIRQ
                0x080011b2       0x1c ./Drivers/STM32F1xx_HAL_Driver/Src/stm32f1xx_hal_cortex.o
                0x080011b2                HAL_NVIC_EnableIRQ
 .text.HAL_SYSTICK_Config
                0x080011ce       0x18 ./Drivers/STM32F1xx_HAL_Driver/Src/stm32f1xx_hal_cortex.o
                0x080011ce                HAL_SYSTICK_Config
 *fill*         0x080011e6        0x2 
 .text.HAL_GPIO_Init
                0x080011e8      0x308 ./Drivers/STM32F1xx_HAL_Driver/Src/stm32f1xx_hal_gpio.o
                0x080011e8                HAL_GPIO_Init
 .text.HAL_GPIO_ReadPin
                0x080014f0       0x2e ./Drivers/STM32F1xx_HAL_Driver/Src/stm32f1xx_hal_gpio.o
                0x080014f0                HAL_GPIO_ReadPin
 .text.HAL_GPIO_WritePin
                0x0800151e       0x30 ./Drivers/STM32F1xx_HAL_Driver/Src/stm32f1xx_hal_gpio.o
                0x0800151e                HAL_GPIO_WritePin
 *fill*         0x0800154e        0x2 
 .text.HAL_GPIO_EXTI_IRQHandler
                0x08001550       0x30 ./Drivers/STM32F1xx_HAL_Driver/Src/stm32f1xx_hal_gpio.o
                0x08001550                HAL_GPIO_EXTI_IRQHandler
 .text.HAL_I2C_Init
                0x08001580      0x288 ./Drivers/STM32F1xx_HAL_Driver/Src/stm32f1xx_hal_i2c.o
                0x08001580                HAL_I2C_Init
 .text.HAL_I2C_Master_Transmit
                0x08001808      0x1fc ./Drivers/STM32F1xx_HAL_Driver/Src/stm32f1xx_hal_i2c.o
                0x08001808                HAL_I2C_Master_Transmit
 .text.I2C_MasterRequestWrite
                0x08001a04      0x104 ./Drivers/STM32F1xx_HAL_Driver/Src/stm32f1xx_hal_i2c.o
 .text.I2C_WaitOnFlagUntilTimeout
                0x08001b08       0xf4 ./Drivers/STM32F1xx_HAL_Driver/Src/stm32f1xx_hal_i2c.o
 .text.I2C_WaitOnMasterAddressFlagUntilTimeout
                0x08001bfc      0x140 ./Drivers/STM32F1xx_HAL_Driver/Src/stm32f1xx_hal_i2c.o
 .text.I2C_WaitOnTXEFlagUntilTimeout
                0x08001d3c       0x90 ./Drivers/STM32F1xx_HAL_Driver/Src/stm32f1xx_hal_i2c.o
 .text.I2C_WaitOnBTFFlagUntilTimeout
                0x08001dcc       0x90 ./Drivers/STM32F1xx_HAL_Driver/Src/stm32f1xx_hal_i2c.o
 .text.I2C_IsAcknowledgeFailed
                0x08001e5c       0x5c ./Drivers/STM32F1xx_HAL_Driver/Src/stm32f1xx_hal_i2c.o
 .text.HAL_RCC_OscConfig
                0x08001eb8      0x504 ./Drivers/STM32F1xx_HAL_Driver/Src/stm32f1xx_hal_rcc.o
                0x08001eb8                HAL_RCC_OscConfig
 .text.HAL_RCC_ClockConfig
                0x080023bc      0x1d4 ./Drivers/STM32F1xx_HAL_Driver/Src/stm32f1xx_hal_rcc.o
                0x080023bc                HAL_RCC_ClockConfig
 .text.HAL_RCC_GetSysClockFreq
                0x08002590       0xa8 ./Drivers/STM32F1xx_HAL_Driver/Src/stm32f1xx_hal_rcc.o
                0x08002590                HAL_RCC_GetSysClockFreq
 .text.HAL_RCC_GetHCLKFreq
                0x08002638       0x14 ./Drivers/STM32F1xx_HAL_Driver/Src/stm32f1xx_hal_rcc.o
                0x08002638                HAL_RCC_GetHCLKFreq
 .text.HAL_RCC_GetPCLK1Freq
                0x0800264c       0x28 ./Drivers/STM32F1xx_HAL_Driver/Src/stm32f1xx_hal_rcc.o
                0x0800264c                HAL_RCC_GetPCLK1Freq
 .text.RCC_Delay
                0x08002674       0x3c ./Drivers/STM32F1xx_HAL_Driver/Src/stm32f1xx_hal_rcc.o
 .text.exit     0x080026b0       0x24 D:/ST/STM32CubeIDE_1.17.0/STM32CubeIDE/plugins/com.st.stm32cube.ide.mcu.externaltools.gnu-tools-for-stm32.12.3.rel1.win32_1.1.0.202410251130/tools/bin/../lib/gcc/arm-none-eabi/12.3.1/../../../../arm-none-eabi/lib/thumb/v7-m/nofp\libc_nano.a(libc_a-exit.o)
                0x080026b0                exit
 .text.__itoa   0x080026d4       0x30 D:/ST/STM32CubeIDE_1.17.0/STM32CubeIDE/plugins/com.st.stm32cube.ide.mcu.externaltools.gnu-tools-for-stm32.12.3.rel1.win32_1.1.0.202410251130/tools/bin/../lib/gcc/arm-none-eabi/12.3.1/../../../../arm-none-eabi/lib/thumb/v7-m/nofp\libc_nano.a(libc_a-itoa.o)
                0x080026d4                __itoa
 .text.itoa     0x08002704        0x4 D:/ST/STM32CubeIDE_1.17.0/STM32CubeIDE/plugins/com.st.stm32cube.ide.mcu.externaltools.gnu-tools-for-stm32.12.3.rel1.win32_1.1.0.202410251130/tools/bin/../lib/gcc/arm-none-eabi/12.3.1/../../../../arm-none-eabi/lib/thumb/v7-m/nofp\libc_nano.a(libc_a-itoa.o)
                0x08002704                itoa
 .text.__utoa   0x08002708       0x84 D:/ST/STM32CubeIDE_1.17.0/STM32CubeIDE/plugins/com.st.stm32cube.ide.mcu.externaltools.gnu-tools-for-stm32.12.3.rel1.win32_1.1.0.202410251130/tools/bin/../lib/gcc/arm-none-eabi/12.3.1/../../../../arm-none-eabi/lib/thumb/v7-m/nofp\libc_nano.a(libc_a-utoa.o)
                0x08002708                __utoa
 .text.memset   0x0800278c       0x10 D:/ST/STM32CubeIDE_1.17.0/STM32CubeIDE/plugins/com.st.stm32cube.ide.mcu.externaltools.gnu-tools-for-stm32.12.3.rel1.win32_1.1.0.202410251130/tools/bin/../lib/gcc/arm-none-eabi/12.3.1/../../../../arm-none-eabi/lib/thumb/v7-m/nofp\libc_nano.a(libc_a-memset.o)
                0x0800278c                memset
 .text.strcat   0x0800279c       0x1e D:/ST/STM32CubeIDE_1.17.0/STM32CubeIDE/plugins/com.st.stm32cube.ide.mcu.externaltools.gnu-tools-for-stm32.12.3.rel1.win32_1.1.0.202410251130/tools/bin/../lib/gcc/arm-none-eabi/12.3.1/../../../../arm-none-eabi/lib/thumb/v7-m/nofp\libc_nano.a(libc_a-strcat.o)
                0x0800279c                strcat
 *fill*         0x080027ba        0x2 
 .text.__errno  0x080027bc        0xc D:/ST/STM32CubeIDE_1.17.0/STM32CubeIDE/plugins/com.st.stm32cube.ide.mcu.externaltools.gnu-tools-for-stm32.12.3.rel1.win32_1.1.0.202410251130/tools/bin/../lib/gcc/arm-none-eabi/12.3.1/../../../../arm-none-eabi/lib/thumb/v7-m/nofp\libc_nano.a(libc_a-errno.o)
                0x080027bc                __errno
 .text.__libc_init_array
                0x080027c8       0x48 D:/ST/STM32CubeIDE_1.17.0/STM32CubeIDE/plugins/com.st.stm32cube.ide.mcu.externaltools.gnu-tools-for-stm32.12.3.rel1.win32_1.1.0.202410251130/tools/bin/../lib/gcc/arm-none-eabi/12.3.1/../../../../arm-none-eabi/lib/thumb/v7-m/nofp\libc_nano.a(libc_a-init.o)
                0x080027c8                __libc_init_array
 *(.glue_7)
 .glue_7        0x08002810        0x0 linker stubs
 *(.glue_7t)
 .glue_7t       0x08002810        0x0 linker stubs
 *(.eh_frame)
 .eh_frame      0x08002810        0x0 D:/ST/STM32CubeIDE_1.17.0/STM32CubeIDE/plugins/com.st.stm32cube.ide.mcu.externaltools.gnu-tools-for-stm32.12.3.rel1.win32_1.1.0.202410251130/tools/bin/../lib/gcc/arm-none-eabi/12.3.1/thumb/v7-m/nofp/crtbegin.o
 *(.init)
 .init          0x08002810        0x4 D:/ST/STM32CubeIDE_1.17.0/STM32CubeIDE/plugins/com.st.stm32cube.ide.mcu.externaltools.gnu-tools-for-stm32.12.3.rel1.win32_1.1.0.202410251130/tools/bin/../lib/gcc/arm-none-eabi/12.3.1/thumb/v7-m/nofp/crti.o
                0x08002810                _init
 .init          0x08002814        0x8 D:/ST/STM32CubeIDE_1.17.0/STM32CubeIDE/plugins/com.st.stm32cube.ide.mcu.externaltools.gnu-tools-for-stm32.12.3.rel1.win32_1.1.0.202410251130/tools/bin/../lib/gcc/arm-none-eabi/12.3.1/thumb/v7-m/nofp/crtn.o
 *(.fini)
 .fini          0x0800281c        0x4 D:/ST/STM32CubeIDE_1.17.0/STM32CubeIDE/plugins/com.st.stm32cube.ide.mcu.externaltools.gnu-tools-for-stm32.12.3.rel1.win32_1.1.0.202410251130/tools/bin/../lib/gcc/arm-none-eabi/12.3.1/thumb/v7-m/nofp/crti.o
                0x0800281c                _fini
 .fini          0x08002820        0x8 D:/ST/STM32CubeIDE_1.17.0/STM32CubeIDE/plugins/com.st.stm32cube.ide.mcu.externaltools.gnu-tools-for-stm32.12.3.rel1.win32_1.1.0.202410251130/tools/bin/../lib/gcc/arm-none-eabi/12.3.1/thumb/v7-m/nofp/crtn.o
                0x08002828                        . = ALIGN (0x4)
                0x08002828                        _etext = .

.vfp11_veneer   0x08002828        0x0
 .vfp11_veneer  0x08002828        0x0 linker stubs

.v4_bx          0x08002828        0x0
 .v4_bx         0x08002828        0x0 linker stubs

.iplt           0x08002828        0x0
 .iplt          0x08002828        0x0 D:/ST/STM32CubeIDE_1.17.0/STM32CubeIDE/plugins/com.st.stm32cube.ide.mcu.externaltools.gnu-tools-for-stm32.12.3.rel1.win32_1.1.0.202410251130/tools/bin/../lib/gcc/arm-none-eabi/12.3.1/thumb/v7-m/nofp/crtbegin.o

.rodata         0x08002828       0xfc
                0x08002828                        . = ALIGN (0x4)
 *(.rodata)
 .rodata        0x08002828       0x10 ./Core/Src/liquidcrystal_i2c.o
 .rodata        0x08002838       0x9b ./Core/Src/main.o
 *(.rodata*)
 *fill*         0x080028d3        0x1 
 .rodata.AHBPrescTable
                0x080028d4       0x10 ./Core/Src/system_stm32f1xx.o
                0x080028d4                AHBPrescTable
 .rodata.APBPrescTable
                0x080028e4        0x8 ./Core/Src/system_stm32f1xx.o
                0x080028e4                APBPrescTable
 .rodata.aPLLMULFactorTable.1
                0x080028ec       0x10 ./Drivers/STM32F1xx_HAL_Driver/Src/stm32f1xx_hal_rcc.o
 .rodata.aPredivFactorTable.0
                0x080028fc        0x2 ./Drivers/STM32F1xx_HAL_Driver/Src/stm32f1xx_hal_rcc.o
 .rodata.__utoa.str1.1
                0x080028fe       0x25 D:/ST/STM32CubeIDE_1.17.0/STM32CubeIDE/plugins/com.st.stm32cube.ide.mcu.externaltools.gnu-tools-for-stm32.12.3.rel1.win32_1.1.0.202410251130/tools/bin/../lib/gcc/arm-none-eabi/12.3.1/../../../../arm-none-eabi/lib/thumb/v7-m/nofp\libc_nano.a(libc_a-utoa.o)
                0x08002924                        . = ALIGN (0x4)
 *fill*         0x08002923        0x1 

.ARM.extab      0x08002924        0x0
                0x08002924                        . = ALIGN (0x4)
 *(.ARM.extab* .gnu.linkonce.armextab.*)
                0x08002924                        . = ALIGN (0x4)

.ARM            0x08002924        0x0
                0x08002924                        . = ALIGN (0x4)
                0x08002924                        __exidx_start = .
 *(.ARM.exidx*)
                0x08002924                        __exidx_end = .
                0x08002924                        . = ALIGN (0x4)

.preinit_array  0x08002924        0x0
                0x08002924                        . = ALIGN (0x4)
                0x08002924                        PROVIDE (__preinit_array_start = .)
 *(.preinit_array*)
                0x08002924                        PROVIDE (__preinit_array_end = .)
                0x08002924                        . = ALIGN (0x4)

.init_array     0x08002924        0x4
                0x08002924                        . = ALIGN (0x4)
                0x08002924                        PROVIDE (__init_array_start = .)
 *(SORT_BY_NAME(.init_array.*))
 *(.init_array*)
 .init_array    0x08002924        0x4 D:/ST/STM32CubeIDE_1.17.0/STM32CubeIDE/plugins/com.st.stm32cube.ide.mcu.externaltools.gnu-tools-for-stm32.12.3.rel1.win32_1.1.0.202410251130/tools/bin/../lib/gcc/arm-none-eabi/12.3.1/thumb/v7-m/nofp/crtbegin.o
                0x08002928                        PROVIDE (__init_array_end = .)
                0x08002928                        . = ALIGN (0x4)

.fini_array     0x08002928        0x4
                0x08002928                        . = ALIGN (0x4)
                [!provide]                        PROVIDE (__fini_array_start = .)
 *(SORT_BY_NAME(.fini_array.*))
 *(.fini_array*)
 .fini_array    0x08002928        0x4 D:/ST/STM32CubeIDE_1.17.0/STM32CubeIDE/plugins/com.st.stm32cube.ide.mcu.externaltools.gnu-tools-for-stm32.12.3.rel1.win32_1.1.0.202410251130/tools/bin/../lib/gcc/arm-none-eabi/12.3.1/thumb/v7-m/nofp/crtbegin.o
                [!provide]                        PROVIDE (__fini_array_end = .)
                0x0800292c                        . = ALIGN (0x4)
                0x0800292c                        _sidata = LOADADDR (.data)

.rel.dyn        0x0800292c        0x0
 .rel.iplt      0x0800292c        0x0 D:/ST/STM32CubeIDE_1.17.0/STM32CubeIDE/plugins/com.st.stm32cube.ide.mcu.externaltools.gnu-tools-for-stm32.12.3.rel1.win32_1.1.0.202410251130/tools/bin/../lib/gcc/arm-none-eabi/12.3.1/thumb/v7-m/nofp/crtbegin.o

.data           0x20000000       0x9c load address 0x0800292c
                0x20000000                        . = ALIGN (0x4)
                0x20000000                        _sdata = .
 *(.data)
 *(.data*)
 .data.special1
                0x20000000        0x8 ./Core/Src/liquidcrystal_i2c.o
                0x20000000                special1
 .data.special2
                0x20000008        0x8 ./Core/Src/liquidcrystal_i2c.o
                0x20000008                special2
 .data.headings
                0x20000010       0x30 ./Core/Src/main.o
                0x20000010                headings
 .data.SystemCoreClock
                0x20000040        0x4 ./Core/Src/system_stm32f1xx.o
                0x20000040                SystemCoreClock
 .data.uwTickPrio
                0x20000044        0x4 ./Drivers/STM32F1xx_HAL_Driver/Src/stm32f1xx_hal.o
                0x20000044                uwTickPrio
 .data.uwTickFreq
                0x20000048        0x1 ./Drivers/STM32F1xx_HAL_Driver/Src/stm32f1xx_hal.o
                0x20000048                uwTickFreq
 *fill*         0x20000049        0x3 
 .data._impure_ptr
                0x2000004c        0x4 D:/ST/STM32CubeIDE_1.17.0/STM32CubeIDE/plugins/com.st.stm32cube.ide.mcu.externaltools.gnu-tools-for-stm32.12.3.rel1.win32_1.1.0.202410251130/tools/bin/../lib/gcc/arm-none-eabi/12.3.1/../../../../arm-none-eabi/lib/thumb/v7-m/nofp\libc_nano.a(libc_a-impure.o)
                0x2000004c                _impure_ptr
 .data._impure_data
                0x20000050       0x4c D:/ST/STM32CubeIDE_1.17.0/STM32CubeIDE/plugins/com.st.stm32cube.ide.mcu.externaltools.gnu-tools-for-stm32.12.3.rel1.win32_1.1.0.202410251130/tools/bin/../lib/gcc/arm-none-eabi/12.3.1/../../../../arm-none-eabi/lib/thumb/v7-m/nofp\libc_nano.a(libc_a-impure.o)
                0x20000050                _impure_data
 *(.RamFunc)
 *(.RamFunc*)
                0x2000009c                        . = ALIGN (0x4)
                0x2000009c                        _edata = .

.igot.plt       0x2000009c        0x0 load address 0x080029c8
 .igot.plt      0x2000009c        0x0 D:/ST/STM32CubeIDE_1.17.0/STM32CubeIDE/plugins/com.st.stm32cube.ide.mcu.externaltools.gnu-tools-for-stm32.12.3.rel1.win32_1.1.0.202410251130/tools/bin/../lib/gcc/arm-none-eabi/12.3.1/thumb/v7-m/nofp/crtbegin.o
                0x2000009c                        . = ALIGN (0x4)

.bss            0x2000009c      0x1ec load address 0x080029c8
                0x2000009c                        _sbss = .
                0x2000009c                        __bss_start__ = _sbss
 *(.bss)
 .bss           0x2000009c       0x1c D:/ST/STM32CubeIDE_1.17.0/STM32CubeIDE/plugins/com.st.stm32cube.ide.mcu.externaltools.gnu-tools-for-stm32.12.3.rel1.win32_1.1.0.202410251130/tools/bin/../lib/gcc/arm-none-eabi/12.3.1/thumb/v7-m/nofp/crtbegin.o
 *(.bss*)
 .bss.dpFunction
                0x200000b8        0x1 ./Core/Src/liquidcrystal_i2c.o
                0x200000b8                dpFunction
 .bss.dpControl
                0x200000b9        0x1 ./Core/Src/liquidcrystal_i2c.o
                0x200000b9                dpControl
 .bss.dpMode    0x200000ba        0x1 ./Core/Src/liquidcrystal_i2c.o
                0x200000ba                dpMode
 .bss.dpRows    0x200000bb        0x1 ./Core/Src/liquidcrystal_i2c.o
                0x200000bb                dpRows
 .bss.dpBacklight
                0x200000bc        0x1 ./Core/Src/liquidcrystal_i2c.o
                0x200000bc                dpBacklight
 *fill*         0x200000bd        0x3 
 .bss.hi2c2     0x200000c0       0x54 ./Core/Src/main.o
                0x200000c0                hi2c2
 .bss.GPIO_InitStructPrivate
                0x20000114       0x10 ./Core/Src/main.o
                0x20000114                GPIO_InitStructPrivate
 .bss.previousMillis
                0x20000124        0x4 ./Core/Src/main.o
                0x20000124                previousMillis
 .bss.currentMillis
                0x20000128        0x4 ./Core/Src/main.o
                0x20000128                currentMillis
 .bss.keyPressed
                0x2000012c        0x1 ./Core/Src/main.o
                0x2000012c                keyPressed
 *fill*         0x2000012d        0x3 
 .bss.last_when_pressed
                0x20000130        0x4 ./Core/Src/main.o
                0x20000130                last_when_pressed
 .bss.current_state
                0x20000134        0x4 ./Core/Src/main.o
                0x20000134                current_state
 .bss.counts    0x20000138       0x10 ./Core/Src/main.o
                0x20000138                counts
 .bss.uwTick    0x20000148        0x4 ./Drivers/STM32F1xx_HAL_Driver/Src/stm32f1xx_hal.o
                0x20000148                uwTick
 .bss.__sf      0x2000014c      0x138 D:/ST/STM32CubeIDE_1.17.0/STM32CubeIDE/plugins/com.st.stm32cube.ide.mcu.externaltools.gnu-tools-for-stm32.12.3.rel1.win32_1.1.0.202410251130/tools/bin/../lib/gcc/arm-none-eabi/12.3.1/../../../../arm-none-eabi/lib/thumb/v7-m/nofp\libc_nano.a(libc_a-findfp.o)
                0x2000014c                __sf
 .bss.__stdio_exit_handler
                0x20000284        0x4 D:/ST/STM32CubeIDE_1.17.0/STM32CubeIDE/plugins/com.st.stm32cube.ide.mcu.externaltools.gnu-tools-for-stm32.12.3.rel1.win32_1.1.0.202410251130/tools/bin/../lib/gcc/arm-none-eabi/12.3.1/../../../../arm-none-eabi/lib/thumb/v7-m/nofp\libc_nano.a(libc_a-findfp.o)
                0x20000284                __stdio_exit_handler
 *(COMMON)
                0x20000288                        . = ALIGN (0x4)
                0x20000288                        _ebss = .
                0x20000288                        __bss_end__ = _ebss

._user_heap_stack
                0x20000288      0x600 load address 0x080029c8
                0x20000288                        . = ALIGN (0x8)
                [!provide]                        PROVIDE (end = .)
                0x20000288                        PROVIDE (_end = .)
                0x20000488                        . = (. + _Min_Heap_Size)
 *fill*         0x20000288      0x200 
                0x20000888                        . = (. + _Min_Stack_Size)
 *fill*         0x20000488      0x400 
                0x20000888                        . = ALIGN (0x8)

/DISCARD/
 libc.a(*)
 libm.a(*)
 libgcc.a(*)

.ARM.attributes
                0x00000000       0x29
 *(.ARM.attributes)
 .ARM.attributes
                0x00000000       0x1d D:/ST/STM32CubeIDE_1.17.0/STM32CubeIDE/plugins/com.st.stm32cube.ide.mcu.externaltools.gnu-tools-for-stm32.12.3.rel1.win32_1.1.0.202410251130/tools/bin/../lib/gcc/arm-none-eabi/12.3.1/thumb/v7-m/nofp/crti.o
 .ARM.attributes
                0x0000001d       0x2d D:/ST/STM32CubeIDE_1.17.0/STM32CubeIDE/plugins/com.st.stm32cube.ide.mcu.externaltools.gnu-tools-for-stm32.12.3.rel1.win32_1.1.0.202410251130/tools/bin/../lib/gcc/arm-none-eabi/12.3.1/thumb/v7-m/nofp/crtbegin.o
 .ARM.attributes
                0x0000004a       0x2d ./Core/Src/liquidcrystal_i2c.o
 .ARM.attributes
                0x00000077       0x2d ./Core/Src/main.o
 .ARM.attributes
                0x000000a4       0x2d ./Core/Src/stm32f1xx_hal_msp.o
 .ARM.attributes
                0x000000d1       0x2d ./Core/Src/stm32f1xx_it.o
 .ARM.attributes
                0x000000fe       0x2d ./Core/Src/syscalls.o
 .ARM.attributes
                0x0000012b       0x2d ./Core/Src/system_stm32f1xx.o
 .ARM.attributes
                0x00000158       0x21 ./Core/Startup/startup_stm32f103c8tx.o
 .ARM.attributes
                0x00000179       0x2d ./Drivers/STM32F1xx_HAL_Driver/Src/stm32f1xx_hal.o
 .ARM.attributes
                0x000001a6       0x2d ./Drivers/STM32F1xx_HAL_Driver/Src/stm32f1xx_hal_cortex.o
 .ARM.attributes
                0x000001d3       0x2d ./Drivers/STM32F1xx_HAL_Driver/Src/stm32f1xx_hal_gpio.o
 .ARM.attributes
                0x00000200       0x2d ./Drivers/STM32F1xx_HAL_Driver/Src/stm32f1xx_hal_i2c.o
 .ARM.attributes
                0x0000022d       0x2d ./Drivers/STM32F1xx_HAL_Driver/Src/stm32f1xx_hal_rcc.o
 .ARM.attributes
                0x0000025a       0x2d D:/ST/STM32CubeIDE_1.17.0/STM32CubeIDE/plugins/com.st.stm32cube.ide.mcu.externaltools.gnu-tools-for-stm32.12.3.rel1.win32_1.1.0.202410251130/tools/bin/../lib/gcc/arm-none-eabi/12.3.1/../../../../arm-none-eabi/lib/thumb/v7-m/nofp\libc_nano.a(libc_a-exit.o)
 .ARM.attributes
                0x00000287       0x2d D:/ST/STM32CubeIDE_1.17.0/STM32CubeIDE/plugins/com.st.stm32cube.ide.mcu.externaltools.gnu-tools-for-stm32.12.3.rel1.win32_1.1.0.202410251130/tools/bin/../lib/gcc/arm-none-eabi/12.3.1/../../../../arm-none-eabi/lib/thumb/v7-m/nofp\libc_nano.a(libc_a-itoa.o)
 .ARM.attributes
                0x000002b4       0x2d D:/ST/STM32CubeIDE_1.17.0/STM32CubeIDE/plugins/com.st.stm32cube.ide.mcu.externaltools.gnu-tools-for-stm32.12.3.rel1.win32_1.1.0.202410251130/tools/bin/../lib/gcc/arm-none-eabi/12.3.1/../../../../arm-none-eabi/lib/thumb/v7-m/nofp\libc_nano.a(libc_a-utoa.o)
 .ARM.attributes
                0x000002e1       0x2d D:/ST/STM32CubeIDE_1.17.0/STM32CubeIDE/plugins/com.st.stm32cube.ide.mcu.externaltools.gnu-tools-for-stm32.12.3.rel1.win32_1.1.0.202410251130/tools/bin/../lib/gcc/arm-none-eabi/12.3.1/../../../../arm-none-eabi/lib/thumb/v7-m/nofp\libc_nano.a(libc_a-findfp.o)
 .ARM.attributes
                0x0000030e       0x2d D:/ST/STM32CubeIDE_1.17.0/STM32CubeIDE/plugins/com.st.stm32cube.ide.mcu.externaltools.gnu-tools-for-stm32.12.3.rel1.win32_1.1.0.202410251130/tools/bin/../lib/gcc/arm-none-eabi/12.3.1/../../../../arm-none-eabi/lib/thumb/v7-m/nofp\libc_nano.a(libc_a-memset.o)
 .ARM.attributes
                0x0000033b       0x2d D:/ST/STM32CubeIDE_1.17.0/STM32CubeIDE/plugins/com.st.stm32cube.ide.mcu.externaltools.gnu-tools-for-stm32.12.3.rel1.win32_1.1.0.202410251130/tools/bin/../lib/gcc/arm-none-eabi/12.3.1/../../../../arm-none-eabi/lib/thumb/v7-m/nofp\libc_nano.a(libc_a-strcat.o)
 .ARM.attributes
                0x00000368       0x2d D:/ST/STM32CubeIDE_1.17.0/STM32CubeIDE/plugins/com.st.stm32cube.ide.mcu.externaltools.gnu-tools-for-stm32.12.3.rel1.win32_1.1.0.202410251130/tools/bin/../lib/gcc/arm-none-eabi/12.3.1/../../../../arm-none-eabi/lib/thumb/v7-m/nofp\libc_nano.a(libc_a-impure.o)
 .ARM.attributes
                0x00000395       0x2d D:/ST/STM32CubeIDE_1.17.0/STM32CubeIDE/plugins/com.st.stm32cube.ide.mcu.externaltools.gnu-tools-for-stm32.12.3.rel1.win32_1.1.0.202410251130/tools/bin/../lib/gcc/arm-none-eabi/12.3.1/../../../../arm-none-eabi/lib/thumb/v7-m/nofp\libc_nano.a(libc_a-errno.o)
 .ARM.attributes
                0x000003c2       0x2d D:/ST/STM32CubeIDE_1.17.0/STM32CubeIDE/plugins/com.st.stm32cube.ide.mcu.externaltools.gnu-tools-for-stm32.12.3.rel1.win32_1.1.0.202410251130/tools/bin/../lib/gcc/arm-none-eabi/12.3.1/../../../../arm-none-eabi/lib/thumb/v7-m/nofp\libc_nano.a(libc_a-init.o)
 .ARM.attributes
                0x000003ef       0x1d D:/ST/STM32CubeIDE_1.17.0/STM32CubeIDE/plugins/com.st.stm32cube.ide.mcu.externaltools.gnu-tools-for-stm32.12.3.rel1.win32_1.1.0.202410251130/tools/bin/../lib/gcc/arm-none-eabi/12.3.1/thumb/v7-m/nofp/crtn.o
OUTPUT(EVM.elf elf32-littlearm)
LOAD linker stubs
LOAD D:/ST/STM32CubeIDE_1.17.0/STM32CubeIDE/plugins/com.st.stm32cube.ide.mcu.externaltools.gnu-tools-for-stm32.12.3.rel1.win32_1.1.0.202410251130/tools/bin/../lib/gcc/arm-none-eabi/12.3.1/../../../../arm-none-eabi/lib/thumb/v7-m/nofp\libc.a
LOAD D:/ST/STM32CubeIDE_1.17.0/STM32CubeIDE/plugins/com.st.stm32cube.ide.mcu.externaltools.gnu-tools-for-stm32.12.3.rel1.win32_1.1.0.202410251130/tools/bin/../lib/gcc/arm-none-eabi/12.3.1/../../../../arm-none-eabi/lib/thumb/v7-m/nofp\libm.a
LOAD D:/ST/STM32CubeIDE_1.17.0/STM32CubeIDE/plugins/com.st.stm32cube.ide.mcu.externaltools.gnu-tools-for-stm32.12.3.rel1.win32_1.1.0.202410251130/tools/bin/../lib/gcc/arm-none-eabi/12.3.1/thumb/v7-m/nofp\libgcc.a

.debug_info     0x00000000     0x725a
 .debug_info    0x00000000      0xc1c ./Core/Src/liquidcrystal_i2c.o
 .debug_info    0x00000c1c      0xf8a ./Core/Src/main.o
 .debug_info    0x00001ba6      0x845 ./Core/Src/stm32f1xx_hal_msp.o
 .debug_info    0x000023eb      0x14b ./Core/Src/stm32f1xx_it.o
 .debug_info    0x00002536      0x6a3 ./Core/Src/syscalls.o
 .debug_info    0x00002bd9      0x222 ./Core/Src/system_stm32f1xx.o
 .debug_info    0x00002dfb       0x30 ./Core/Startup/startup_stm32f103c8tx.o
 .debug_info    0x00002e2b      0x704 ./Drivers/STM32F1xx_HAL_Driver/Src/stm32f1xx_hal.o
 .debug_info    0x0000352f      0xa87 ./Drivers/STM32F1xx_HAL_Driver/Src/stm32f1xx_hal_cortex.o
 .debug_info    0x00003fb6      0x5ab ./Drivers/STM32F1xx_HAL_Driver/Src/stm32f1xx_hal_gpio.o
 .debug_info    0x00004561     0x2524 ./Drivers/STM32F1xx_HAL_Driver/Src/stm32f1xx_hal_i2c.o
 .debug_info    0x00006a85      0x7d5 ./Drivers/STM32F1xx_HAL_Driver/Src/stm32f1xx_hal_rcc.o

.debug_abbrev   0x00000000     0x181a
 .debug_abbrev  0x00000000      0x2cb ./Core/Src/liquidcrystal_i2c.o
 .debug_abbrev  0x000002cb      0x3da ./Core/Src/main.o
 .debug_abbrev  0x000006a5      0x1a3 ./Core/Src/stm32f1xx_hal_msp.o
 .debug_abbrev  0x00000848       0xa0 ./Core/Src/stm32f1xx_it.o
 .debug_abbrev  0x000008e8      0x1b6 ./Core/Src/syscalls.o
 .debug_abbrev  0x00000a9e      0x13f ./Core/Src/system_stm32f1xx.o
 .debug_abbrev  0x00000bdd       0x24 ./Core/Startup/startup_stm32f103c8tx.o
 .debug_abbrev  0x00000c01      0x201 ./Drivers/STM32F1xx_HAL_Driver/Src/stm32f1xx_hal.o
 .debug_abbrev  0x00000e02      0x2f8 ./Drivers/STM32F1xx_HAL_Driver/Src/stm32f1xx_hal_cortex.o
 .debug_abbrev  0x000010fa      0x1ca ./Drivers/STM32F1xx_HAL_Driver/Src/stm32f1xx_hal_gpio.o
 .debug_abbrev  0x000012c4      0x2a3 ./Drivers/STM32F1xx_HAL_Driver/Src/stm32f1xx_hal_i2c.o
 .debug_abbrev  0x00001567      0x2b3 ./Drivers/STM32F1xx_HAL_Driver/Src/stm32f1xx_hal_rcc.o

.debug_aranges  0x00000000      0x898
 .debug_aranges
                0x00000000      0x110 ./Core/Src/liquidcrystal_i2c.o
 .debug_aranges
                0x00000110       0x88 ./Core/Src/main.o
 .debug_aranges
                0x00000198       0x30 ./Core/Src/stm32f1xx_hal_msp.o
 .debug_aranges
                0x000001c8       0x68 ./Core/Src/stm32f1xx_it.o
 .debug_aranges
                0x00000230       0xa8 ./Core/Src/syscalls.o
 .debug_aranges
                0x000002d8       0x28 ./Core/Src/system_stm32f1xx.o
 .debug_aranges
                0x00000300       0x28 ./Core/Startup/startup_stm32f103c8tx.o
 .debug_aranges
                0x00000328       0xe0 ./Drivers/STM32F1xx_HAL_Driver/Src/stm32f1xx_hal.o
 .debug_aranges
                0x00000408      0x100 ./Drivers/STM32F1xx_HAL_Driver/Src/stm32f1xx_hal_cortex.o
 .debug_aranges
                0x00000508       0x58 ./Drivers/STM32F1xx_HAL_Driver/Src/stm32f1xx_hal_gpio.o
 .debug_aranges
                0x00000560      0x2a8 ./Drivers/STM32F1xx_HAL_Driver/Src/stm32f1xx_hal_i2c.o
 .debug_aranges
                0x00000808       0x90 ./Drivers/STM32F1xx_HAL_Driver/Src/stm32f1xx_hal_rcc.o

.debug_rnglists
                0x00000000      0x688
 .debug_rnglists
                0x00000000       0xc8 ./Core/Src/liquidcrystal_i2c.o
 .debug_rnglists
                0x000000c8       0x66 ./Core/Src/main.o
 .debug_rnglists
                0x0000012e       0x20 ./Core/Src/stm32f1xx_hal_msp.o
 .debug_rnglists
                0x0000014e       0x49 ./Core/Src/stm32f1xx_it.o
 .debug_rnglists
                0x00000197       0x79 ./Core/Src/syscalls.o
 .debug_rnglists
                0x00000210       0x1a ./Core/Src/system_stm32f1xx.o
 .debug_rnglists
                0x0000022a       0x19 ./Core/Startup/startup_stm32f103c8tx.o
 .debug_rnglists
                0x00000243       0xa3 ./Drivers/STM32F1xx_HAL_Driver/Src/stm32f1xx_hal.o
 .debug_rnglists
                0x000002e6       0xbb ./Drivers/STM32F1xx_HAL_Driver/Src/stm32f1xx_hal_cortex.o
 .debug_rnglists
                0x000003a1       0x3f ./Drivers/STM32F1xx_HAL_Driver/Src/stm32f1xx_hal_gpio.o
 .debug_rnglists
                0x000003e0      0x23c ./Drivers/STM32F1xx_HAL_Driver/Src/stm32f1xx_hal_i2c.o
 .debug_rnglists
                0x0000061c       0x6c ./Drivers/STM32F1xx_HAL_Driver/Src/stm32f1xx_hal_rcc.o

.debug_macro    0x00000000    0x176c7
 .debug_macro   0x00000000      0x19d ./Core/Src/liquidcrystal_i2c.o
 .debug_macro   0x0000019d      0xaa8 ./Core/Src/liquidcrystal_i2c.o
 .debug_macro   0x00000c45      0x215 ./Core/Src/liquidcrystal_i2c.o
 .debug_macro   0x00000e5a       0x2e ./Core/Src/liquidcrystal_i2c.o
 .debug_macro   0x00000e88       0x22 ./Core/Src/liquidcrystal_i2c.o
 .debug_macro   0x00000eaa       0x22 ./Core/Src/liquidcrystal_i2c.o
 .debug_macro   0x00000ecc       0x8e ./Core/Src/liquidcrystal_i2c.o
 .debug_macro   0x00000f5a       0x51 ./Core/Src/liquidcrystal_i2c.o
 .debug_macro   0x00000fab      0x103 ./Core/Src/liquidcrystal_i2c.o
 .debug_macro   0x000010ae       0x6a ./Core/Src/liquidcrystal_i2c.o
 .debug_macro   0x00001118      0x1df ./Core/Src/liquidcrystal_i2c.o
 .debug_macro   0x000012f7       0x1c ./Core/Src/liquidcrystal_i2c.o
 .debug_macro   0x00001313       0x22 ./Core/Src/liquidcrystal_i2c.o
 .debug_macro   0x00001335       0xbd ./Core/Src/liquidcrystal_i2c.o
 .debug_macro   0x000013f2      0xd23 ./Core/Src/liquidcrystal_i2c.o
 .debug_macro   0x00002115     0xe09e ./Core/Src/liquidcrystal_i2c.o
 .debug_macro   0x000101b3       0x6d ./Core/Src/liquidcrystal_i2c.o
 .debug_macro   0x00010220     0x34a2 ./Core/Src/liquidcrystal_i2c.o
 .debug_macro   0x000136c2      0x189 ./Core/Src/liquidcrystal_i2c.o
 .debug_macro   0x0001384b       0x5c ./Core/Src/liquidcrystal_i2c.o
 .debug_macro   0x000138a7      0x5bc ./Core/Src/liquidcrystal_i2c.o
 .debug_macro   0x00013e63      0x289 ./Core/Src/liquidcrystal_i2c.o
 .debug_macro   0x000140ec      0x1cb ./Core/Src/liquidcrystal_i2c.o
 .debug_macro   0x000142b7      0x114 ./Core/Src/liquidcrystal_i2c.o
 .debug_macro   0x000143cb      0x1b2 ./Core/Src/liquidcrystal_i2c.o
 .debug_macro   0x0001457d       0x27 ./Core/Src/liquidcrystal_i2c.o
 .debug_macro   0x000145a4      0x136 ./Core/Src/liquidcrystal_i2c.o
 .debug_macro   0x000146da      0x1bc ./Core/Src/liquidcrystal_i2c.o
 .debug_macro   0x00014896       0x34 ./Core/Src/liquidcrystal_i2c.o
 .debug_macro   0x000148ca       0x3c ./Core/Src/liquidcrystal_i2c.o
 .debug_macro   0x00014906       0x57 ./Core/Src/liquidcrystal_i2c.o
 .debug_macro   0x0001495d       0x87 ./Core/Src/liquidcrystal_i2c.o
 .debug_macro   0x000149e4      0x240 ./Core/Src/liquidcrystal_i2c.o
 .debug_macro   0x00014c24      0x287 ./Core/Src/liquidcrystal_i2c.o
 .debug_macro   0x00014eab      0x140 ./Core/Src/liquidcrystal_i2c.o
 .debug_macro   0x00014feb       0x83 ./Core/Src/liquidcrystal_i2c.o
 .debug_macro   0x0001506e       0xd0 ./Core/Src/liquidcrystal_i2c.o
 .debug_macro   0x0001513e      0x1c5 ./Core/Src/main.o
 .debug_macro   0x00015303       0xd6 ./Core/Src/main.o
 .debug_macro   0x000153d9      0x198 ./Core/Src/stm32f1xx_hal_msp.o
 .debug_macro   0x00015571      0x1a2 ./Core/Src/stm32f1xx_it.o
 .debug_macro   0x00015713      0x274 ./Core/Src/syscalls.o
 .debug_macro   0x00015987       0x5b ./Core/Src/syscalls.o
 .debug_macro   0x000159e2       0x24 ./Core/Src/syscalls.o
 .debug_macro   0x00015a06       0x94 ./Core/Src/syscalls.o
 .debug_macro   0x00015a9a       0x43 ./Core/Src/syscalls.o
 .debug_macro   0x00015add       0x34 ./Core/Src/syscalls.o
 .debug_macro   0x00015b11       0x57 ./Core/Src/syscalls.o
 .debug_macro   0x00015b68      0x369 ./Core/Src/syscalls.o
 .debug_macro   0x00015ed1       0x16 ./Core/Src/syscalls.o
 .debug_macro   0x00015ee7       0x43 ./Core/Src/syscalls.o
 .debug_macro   0x00015f2a       0x34 ./Core/Src/syscalls.o
 .debug_macro   0x00015f5e       0x10 ./Core/Src/syscalls.o
 .debug_macro   0x00015f6e       0x58 ./Core/Src/syscalls.o
 .debug_macro   0x00015fc6       0x8e ./Core/Src/syscalls.o
 .debug_macro   0x00016054       0x1c ./Core/Src/syscalls.o
 .debug_macro   0x00016070      0x177 ./Core/Src/syscalls.o
 .debug_macro   0x000161e7       0x10 ./Core/Src/syscalls.o
 .debug_macro   0x000161f7       0x35 ./Core/Src/syscalls.o
 .debug_macro   0x0001622c       0x10 ./Core/Src/syscalls.o
 .debug_macro   0x0001623c       0x10 ./Core/Src/syscalls.o
 .debug_macro   0x0001624c       0x10 ./Core/Src/syscalls.o
 .debug_macro   0x0001625c       0x1c ./Core/Src/syscalls.o
 .debug_macro   0x00016278       0x52 ./Core/Src/syscalls.o
 .debug_macro   0x000162ca       0x22 ./Core/Src/syscalls.o
 .debug_macro   0x000162ec       0x10 ./Core/Src/syscalls.o
 .debug_macro   0x000162fc       0x52 ./Core/Src/syscalls.o
 .debug_macro   0x0001634e       0xcf ./Core/Src/syscalls.o
 .debug_macro   0x0001641d       0x1c ./Core/Src/syscalls.o
 .debug_macro   0x00016439       0x3d ./Core/Src/syscalls.o
 .debug_macro   0x00016476       0x35 ./Core/Src/syscalls.o
 .debug_macro   0x000164ab      0x12c ./Core/Src/syscalls.o
 .debug_macro   0x000165d7       0x16 ./Core/Src/syscalls.o
 .debug_macro   0x000165ed       0x16 ./Core/Src/syscalls.o
 .debug_macro   0x00016603       0x29 ./Core/Src/syscalls.o
 .debug_macro   0x0001662c       0x10 ./Core/Src/syscalls.o
 .debug_macro   0x0001663c      0x242 ./Core/Src/syscalls.o
 .debug_macro   0x0001687e       0x1c ./Core/Src/syscalls.o
 .debug_macro   0x0001689a       0x10 ./Core/Src/syscalls.o
 .debug_macro   0x000168aa       0x10 ./Core/Src/syscalls.o
 .debug_macro   0x000168ba       0x16 ./Core/Src/syscalls.o
 .debug_macro   0x000168d0      0x146 ./Core/Src/syscalls.o
 .debug_macro   0x00016a16      0x18a ./Core/Src/syscalls.o
 .debug_macro   0x00016ba0       0x16 ./Core/Src/syscalls.o
 .debug_macro   0x00016bb6       0xce ./Core/Src/syscalls.o
 .debug_macro   0x00016c84      0x18e ./Core/Src/system_stm32f1xx.o
 .debug_macro   0x00016e12      0x1b2 ./Drivers/STM32F1xx_HAL_Driver/Src/stm32f1xx_hal.o
 .debug_macro   0x00016fc4      0x18e ./Drivers/STM32F1xx_HAL_Driver/Src/stm32f1xx_hal_cortex.o
 .debug_macro   0x00017152      0x1f9 ./Drivers/STM32F1xx_HAL_Driver/Src/stm32f1xx_hal_gpio.o
 .debug_macro   0x0001734b      0x1dc ./Drivers/STM32F1xx_HAL_Driver/Src/stm32f1xx_hal_i2c.o
 .debug_macro   0x00017527      0x1a0 ./Drivers/STM32F1xx_HAL_Driver/Src/stm32f1xx_hal_rcc.o

.debug_line     0x00000000     0x9d71
 .debug_line    0x00000000      0xab9 ./Core/Src/liquidcrystal_i2c.o
 .debug_line    0x00000ab9      0xb19 ./Core/Src/main.o
 .debug_line    0x000015d2      0x715 ./Core/Src/stm32f1xx_hal_msp.o
 .debug_line    0x00001ce7      0x7a8 ./Core/Src/stm32f1xx_it.o
 .debug_line    0x0000248f      0x8a8 ./Core/Src/syscalls.o
 .debug_line    0x00002d37      0x749 ./Core/Src/system_stm32f1xx.o
 .debug_line    0x00003480       0x78 ./Core/Startup/startup_stm32f103c8tx.o
 .debug_line    0x000034f8      0x976 ./Drivers/STM32F1xx_HAL_Driver/Src/stm32f1xx_hal.o
 .debug_line    0x00003e6e      0xb62 ./Drivers/STM32F1xx_HAL_Driver/Src/stm32f1xx_hal_cortex.o
 .debug_line    0x000049d0      0xa0f ./Drivers/STM32F1xx_HAL_Driver/Src/stm32f1xx_hal_gpio.o
 .debug_line    0x000053df     0x3c13 ./Drivers/STM32F1xx_HAL_Driver/Src/stm32f1xx_hal_i2c.o
 .debug_line    0x00008ff2      0xd7f ./Drivers/STM32F1xx_HAL_Driver/Src/stm32f1xx_hal_rcc.o

.debug_str      0x00000000    0x843f2
 .debug_str     0x00000000    0x7ccf4 ./Core/Src/liquidcrystal_i2c.o
                              0x7d0ce (size before relaxing)
 .debug_str     0x0007ccf4      0x6d5 ./Core/Src/main.o
                              0x7d49e (size before relaxing)
 .debug_str     0x0007d3c9       0x87 ./Core/Src/stm32f1xx_hal_msp.o
                              0x7cb3a (size before relaxing)
 .debug_str     0x0007d450       0xf5 ./Core/Src/stm32f1xx_it.o
                              0x7c68b (size before relaxing)
 .debug_str     0x0007d545     0x5792 ./Core/Src/syscalls.o
                               0x984c (size before relaxing)
 .debug_str     0x00082cd7       0x6e ./Core/Src/system_stm32f1xx.o
                              0x7c661 (size before relaxing)
 .debug_str     0x00082d45       0x44 ./Core/Startup/startup_stm32f103c8tx.o
                                 0x6f (size before relaxing)
 .debug_str     0x00082d89      0x36e ./Drivers/STM32F1xx_HAL_Driver/Src/stm32f1xx_hal.o
                              0x7cd94 (size before relaxing)
 .debug_str     0x000830f7      0x294 ./Drivers/STM32F1xx_HAL_Driver/Src/stm32f1xx_hal_cortex.o
                              0x7cce0 (size before relaxing)
 .debug_str     0x0008338b      0x29c ./Drivers/STM32F1xx_HAL_Driver/Src/stm32f1xx_hal_gpio.o
                              0x7c9e7 (size before relaxing)
 .debug_str     0x00083627      0xbc2 ./Drivers/STM32F1xx_HAL_Driver/Src/stm32f1xx_hal_i2c.o
                              0x7d728 (size before relaxing)
 .debug_str     0x000841e9      0x209 ./Drivers/STM32F1xx_HAL_Driver/Src/stm32f1xx_hal_rcc.o
                              0x7ca90 (size before relaxing)

.comment        0x00000000       0x43
 .comment       0x00000000       0x43 ./Core/Src/liquidcrystal_i2c.o
                                 0x44 (size before relaxing)
 .comment       0x00000043       0x44 ./Core/Src/main.o
 .comment       0x00000043       0x44 ./Core/Src/stm32f1xx_hal_msp.o
 .comment       0x00000043       0x44 ./Core/Src/stm32f1xx_it.o
 .comment       0x00000043       0x44 ./Core/Src/syscalls.o
 .comment       0x00000043       0x44 ./Core/Src/system_stm32f1xx.o
 .comment       0x00000043       0x44 ./Drivers/STM32F1xx_HAL_Driver/Src/stm32f1xx_hal.o
 .comment       0x00000043       0x44 ./Drivers/STM32F1xx_HAL_Driver/Src/stm32f1xx_hal_cortex.o
 .comment       0x00000043       0x44 ./Drivers/STM32F1xx_HAL_Driver/Src/stm32f1xx_hal_gpio.o
 .comment       0x00000043       0x44 ./Drivers/STM32F1xx_HAL_Driver/Src/stm32f1xx_hal_i2c.o
 .comment       0x00000043       0x44 ./Drivers/STM32F1xx_HAL_Driver/Src/stm32f1xx_hal_rcc.o

.debug_frame    0x00000000     0x2450
 .debug_frame   0x00000000      0x3f0 ./Core/Src/liquidcrystal_i2c.o
 .debug_frame   0x000003f0      0x1f8 ./Core/Src/main.o
 .debug_frame   0x000005e8       0x80 ./Core/Src/stm32f1xx_hal_msp.o
 .debug_frame   0x00000668      0x120 ./Core/Src/stm32f1xx_it.o
 .debug_frame   0x00000788      0x2ac ./Core/Src/syscalls.o
 .debug_frame   0x00000a34       0x58 ./Core/Src/system_stm32f1xx.o
 .debug_frame   0x00000a8c      0x334 ./Drivers/STM32F1xx_HAL_Driver/Src/stm32f1xx_hal.o
 .debug_frame   0x00000dc0      0x428 ./Drivers/STM32F1xx_HAL_Driver/Src/stm32f1xx_hal_cortex.o
 .debug_frame   0x000011e8      0x14c ./Drivers/STM32F1xx_HAL_Driver/Src/stm32f1xx_hal_gpio.o
 .debug_frame   0x00001334      0xc84 ./Drivers/STM32F1xx_HAL_Driver/Src/stm32f1xx_hal_i2c.o
 .debug_frame   0x00001fb8      0x218 ./Drivers/STM32F1xx_HAL_Driver/Src/stm32f1xx_hal_rcc.o
 .debug_frame   0x000021d0       0x28 D:/ST/STM32CubeIDE_1.17.0/STM32CubeIDE/plugins/com.st.stm32cube.ide.mcu.externaltools.gnu-tools-for-stm32.12.3.rel1.win32_1.1.0.202410251130/tools/bin/../lib/gcc/arm-none-eabi/12.3.1/../../../../arm-none-eabi/lib/thumb/v7-m/nofp\libc_nano.a(libc_a-exit.o)
 .debug_frame   0x000021f8       0x38 D:/ST/STM32CubeIDE_1.17.0/STM32CubeIDE/plugins/com.st.stm32cube.ide.mcu.externaltools.gnu-tools-for-stm32.12.3.rel1.win32_1.1.0.202410251130/tools/bin/../lib/gcc/arm-none-eabi/12.3.1/../../../../arm-none-eabi/lib/thumb/v7-m/nofp\libc_nano.a(libc_a-itoa.o)
 .debug_frame   0x00002230       0x48 D:/ST/STM32CubeIDE_1.17.0/STM32CubeIDE/plugins/com.st.stm32cube.ide.mcu.externaltools.gnu-tools-for-stm32.12.3.rel1.win32_1.1.0.202410251130/tools/bin/../lib/gcc/arm-none-eabi/12.3.1/../../../../arm-none-eabi/lib/thumb/v7-m/nofp\libc_nano.a(libc_a-utoa.o)
 .debug_frame   0x00002278      0x144 D:/ST/STM32CubeIDE_1.17.0/STM32CubeIDE/plugins/com.st.stm32cube.ide.mcu.externaltools.gnu-tools-for-stm32.12.3.rel1.win32_1.1.0.202410251130/tools/bin/../lib/gcc/arm-none-eabi/12.3.1/../../../../arm-none-eabi/lib/thumb/v7-m/nofp\libc_nano.a(libc_a-findfp.o)
 .debug_frame   0x000023bc       0x20 D:/ST/STM32CubeIDE_1.17.0/STM32CubeIDE/plugins/com.st.stm32cube.ide.mcu.externaltools.gnu-tools-for-stm32.12.3.rel1.win32_1.1.0.202410251130/tools/bin/../lib/gcc/arm-none-eabi/12.3.1/../../../../arm-none-eabi/lib/thumb/v7-m/nofp\libc_nano.a(libc_a-memset.o)
 .debug_frame   0x000023dc       0x28 D:/ST/STM32CubeIDE_1.17.0/STM32CubeIDE/plugins/com.st.stm32cube.ide.mcu.externaltools.gnu-tools-for-stm32.12.3.rel1.win32_1.1.0.202410251130/tools/bin/../lib/gcc/arm-none-eabi/12.3.1/../../../../arm-none-eabi/lib/thumb/v7-m/nofp\libc_nano.a(libc_a-strcat.o)
 .debug_frame   0x00002404       0x20 D:/ST/STM32CubeIDE_1.17.0/STM32CubeIDE/plugins/com.st.stm32cube.ide.mcu.externaltools.gnu-tools-for-stm32.12.3.rel1.win32_1.1.0.202410251130/tools/bin/../lib/gcc/arm-none-eabi/12.3.1/../../../../arm-none-eabi/lib/thumb/v7-m/nofp\libc_nano.a(libc_a-errno.o)
 .debug_frame   0x00002424       0x2c D:/ST/STM32CubeIDE_1.17.0/STM32CubeIDE/plugins/com.st.stm32cube.ide.mcu.externaltools.gnu-tools-for-stm32.12.3.rel1.win32_1.1.0.202410251130/tools/bin/../lib/gcc/arm-none-eabi/12.3.1/../../../../arm-none-eabi/lib/thumb/v7-m/nofp\libc_nano.a(libc_a-init.o)

.debug_line_str
                0x00000000       0x53
 .debug_line_str
                0x00000000       0x53 ./Core/Startup/startup_stm32f103c8tx.o
