../Core/Src/main.c:70:6:clear_console	8	static
../Core/Src/main.c:74:6:show_text	24	static
../Core/Src/main.c:83:6:show_int	48	static
../Core/Src/main.c:111:5:stack_size	4	static
../Core/Src/main.c:114:5:stack_top	8	static
../Core/Src/main.c:119:6:stack_push	16	static
../Core/Src/main.c:123:6:stack_pop	8	static
../Core/Src/main.c:130:6:stack_reset	4	static
../Core/Src/main.c:140:6:cast_vote	16	static
../Core/Src/main.c:143:6:get_winner	24	static
../Core/Src/main.c:155:6:reset_all	8	static
../Core/Src/main.c:162:6:show_heading	72	static
../Core/Src/main.c:204:6:go_back	8	static
../Core/Src/main.c:213:5:scan_for_admin	16	static
../Core/Src/main.c:224:6:transition	24	static
../Core/Src/main.c:298:5:main	16	static
../Core/Src/main.c:353:6:SystemClock_Config	72	static
../Core/Src/main.c:387:13:MX_I2C2_Init	8	static
../Core/Src/main.c:419:13:MX_GPIO_Init	32	static
../Core/Src/main.c:465:6:HAL_GPIO_EXTI_Callback	16	static
../Core/Src/main.c:562:6:Error_Handler	4	static,ignoring_inline_asm
