../Core/Src/main.c:70:6:clear_console	8	static
../Core/Src/main.c:74:6:show_text	24	static
../Core/Src/main.c:83:6:show_int	48	static
../Core/Src/main.c:93:5:get_sum	24	static
../Core/Src/main.c:101:5:divisors_count	24	static
../Core/Src/main.c:122:5:stack_size	4	static
../Core/Src/main.c:125:5:stack_top	8	static
../Core/Src/main.c:130:6:stack_push	16	static
../Core/Src/main.c:134:6:stack_pop	8	static
../Core/Src/main.c:141:6:stack_reset	4	static
../Core/Src/main.c:155:6:show_heading	56	static
../Core/Src/main.c:187:6:cast_vote	16	static
../Core/Src/main.c:191:6:go_back	8	static
../Core/Src/main.c:199:5:scan_for_admin	16	static
../Core/Src/main.c:212:6:transition	24	static
../Core/Src/main.c:275:5:main	16	static
../Core/Src/main.c:386:6:SystemClock_Config	72	static
../Core/Src/main.c:420:13:MX_I2C2_Init	8	static
../Core/Src/main.c:452:13:MX_GPIO_Init	32	static
../Core/Src/main.c:498:6:HAL_GPIO_EXTI_Callback	16	static
../Core/Src/main.c:595:6:Error_Handler	4	static,ignoring_inline_asm
